// Jest Snapshot v1, https://goo.gl/fbAQLP

exports[`<CreateItem /> renders and matches the snapshot 1`] = `null`;
